error: this block may be rewritten with the `?` operator
  --> tests/ui/manual_let_else_question_mark.rs:19:13
   |
LL |     let v = if let Some(v_some) = g() { v_some } else { return None };
   |             ^^^^^^^^^^^^^^^^^^^^^^^^^^^^^^^^^^^^^^^^^^^^^^^^^^^^^^^^^ help: replace it with: `g()?`
   |
   = note: `-D clippy::question-mark` implied by `-D warnings`
   = help: to override `-D warnings` add `#[allow(clippy::question_mark)]`

error: this could be rewritten as `let...else`
  --> tests/ui/manual_let_else_question_mark.rs:23:5
   |
LL | /     let v = if let Some(v_some) = g() {
LL | |         v_some
LL | |     } else {
LL | |         return Some(());
LL | |     };
   | |______^
   |
   = note: `-D clippy::manual-let-else` implied by `-D warnings`
   = help: to override `-D warnings` add `#[allow(clippy::manual_let_else)]`
help: consider writing
   |
LL ~     let Some(v) = g() else {
LL +         return Some(());
LL +     };
   |

error: this could be rewritten as `let...else`
  --> tests/ui/manual_let_else_question_mark.rs:34:9
   |
LL | /         let v = match g() {
LL | |             Some(v_some) => v_some,
LL | |             _ => return None,
LL | |         };
   | |__________^ help: consider writing: `let Some(v) = g() else { return None };`

error: this could be rewritten as `let...else`
  --> tests/ui/manual_let_else_question_mark.rs:44:9
   |
LL |         let v = if let Some(v_some) = g() { v_some } else { return None };
   |         ^^^^^^^^^^^^^^^^^^^^^^^^^^^^^^^^^^^^^^^^^^^^^^^^^^^^^^^^^^^^^^^^^^ help: consider writing: `let Some(v) = g() else { return None };`

error: aborting due to 4 previous errors

