error: redundant pattern matching, consider using `is_none()`
  --> tests/ui/redundant_pattern_matching_question_mark.rs:15:12
   |
LL |     if let None = x {
   |     -------^^^^---- help: try: `if x.is_none()`
   |
   = note: `-D clippy::redundant-pattern-matching` implied by `-D warnings`
   = help: to override `-D warnings` add `#[allow(clippy::redundant_pattern_matching)]`

error: redundant pattern matching, consider using `is_none()`
  --> tests/ui/redundant_pattern_matching_question_mark.rs:21:12
   |
LL |     if let None = x {
   |     -------^^^^---- help: try: `if x.is_none()`

error: redundant pattern matching, consider using `is_none()`
  --> tests/ui/redundant_pattern_matching_question_mark.rs:35:12
   |
LL |     if let None = x {
   |     -------^^^^---- help: try: `if x.is_none()`

error: redundant pattern matching, consider using `is_none()`
  --> tests/ui/redundant_pattern_matching_question_mark.rs:43:19
   |
LL |     } else if let None = x {
   |            -------^^^^---- help: try: `if x.is_none()`

error: redundant pattern matching, consider using `is_none()`
  --> tests/ui/redundant_pattern_matching_question_mark.rs:53:19
   |
LL |     } else if let None = x {
   |            -------^^^^---- help: try: `if x.is_none()`

error: redundant pattern matching, consider using `is_none()`
  --> tests/ui/redundant_pattern_matching_question_mark.rs:60:12
   |
LL |     if let None = x {
   |     -------^^^^---- help: try: `if x.is_none()`

error: redundant pattern matching, consider using `is_err()`
  --> tests/ui/redundant_pattern_matching_question_mark.rs:81:12
   |
LL |     if let Err(_) = x {
   |     -------^^^^^^---- help: try: `if x.is_err()`

error: redundant pattern matching, consider using `is_err()`
  --> tests/ui/redundant_pattern_matching_question_mark.rs:89:19
   |
LL |     } else if let Err(_) = x {
   |            -------^^^^^^---- help: try: `if x.is_err()`

error: redundant pattern matching, consider using `is_err()`
  --> tests/ui/redundant_pattern_matching_question_mark.rs:99:19
   |
LL |     } else if let Err(_) = x {
   |            -------^^^^^^---- help: try: `if x.is_err()`

error: redundant pattern matching, consider using `is_err()`
  --> tests/ui/redundant_pattern_matching_question_mark.rs:106:12
   |
LL |     if let Err(_) = x {
   |     -------^^^^^^---- help: try: `if x.is_err()`

error: aborting due to 10 previous errors

